
dc3dd 7.2.646 started at 2026-09-07 17:08:07 +0530
compiled options:
command line dc3dd if=evidence_source.img of=EXP1_acquired.dd hash=md5 hash=sha256 log=EXP1_acquisition.log
sector size: 512 bytes (assumed)
   104857600 bytes ( 100 M ) copied ( 100% ), 3.15149 s, 32 M/s

input results for file `evidence_source.img':
   204800 sectors in
   2f282b84e7e608d5852449ed940bfc51 (md5)
   20492a4d0d84f8beb1767f6616229f85d44c2827b64bdbfb260ee12fa1109e0e (sha256)

output results for file `EXP1_acquired.dd':
   204800 sectors out

dc3dd completed at 2026-09-07 17:08:10 +0530


dc3dd 7.2.646 started at 2026-09-07 23:04:04 +0530
compiled options:
command line dc3dd if=evidence_source.img of=EXP1_acquired.dd hash=md5 hash=sha256 log=EXP1_acquisition.log
sector size: 512 bytes (assumed)
   104857600 bytes ( 100 M ) copied ( 100% ), 2.85975 s, 35 M/s

input results for file `evidence_source.img':
   204800 sectors in
   2f282b84e7e608d5852449ed940bfc51 (md5)
   20492a4d0d84f8beb1767f6616229f85d44c2827b64bdbfb260ee12fa1109e0e (sha256)

output results for file `EXP1_acquired.dd':
   204800 sectors out

dc3dd completed at 2026-09-07 23:04:07 +0530

